// Bun Snapshot v1, https://goo.gl/fbAQLP

exports[`greet function should return the correct greeting 1`] = `
"Hi Alice
Hi Alice
"
`;
